
> frontend@0.1.0 build
> next build

npm : ΓÜá Warning: 
Next.js inferred your 
workspace root, but it 
may not be correct.
At line:1 char:1
+ npm run build > 
build_output.log 2>&1
+ ~~~~~~~~~~~~~~~~~~~~~
~~~~~~~~~~~~~~~~
    + CategoryInfo     
         : 
NotSpecified: (ΓÜá     
Warning: Ne...not be   
  correct.:String) [], 
R    emoteException
    + 
FullyQualifiedErrorI   
 d : NativeCommandError
 
 We detected multiple 
lockfiles and selected 
the directory of C:\Use
rs\SNEHI\package-lock.j
son as the root 
directory.
 To silence this 
warning, set 
`turbopack.root` in 
your Next.js config, 
or consider removing 
one of the lockfiles 
if it's not needed.
   See https://nextjs.o
rg/docs/app/api-referen
ce/config/next-config-j
s/turbopack#root-direct
ory for more 
information.
 Detected additional 
lockfiles: 
   * C:\Users\SNEHI\.ge
mini\antigravity\scratc
h\CONCEPTLENS-v2.0.4\fr
ontend\package-lock.jso
n
   * C:\Users\SNEHI\.ge
mini\antigravity\scratc
h\CONCEPTLENS-v2.0.4\pa
ckage-lock.json

Γû▓ Next.js 16.1.5 (Turbopack)
- Environments: .env.local

  Creating an optimized production build ...

> Build error occurred
Error: Turbopack build 
failed with 2 errors:
./.gemini/antigravity/s
cratch/CONCEPTLENS-v2.0
.4/frontend/src/compone
nts/Providers.tsx:5:1
Export 
MaintenanceProvider 
doesn't exist in 
target module
[0m [90m 3 |[39m 
[36mimport[39m { c 
[36mas[39m _c } 
[36mfrom[39m [32m"re
act/compiler-runtime"[
39m[33m;[39m
 [90m 4 |[39m 
[36mimport[39m { [33
mSessionProvider[39m 
} [36mfrom[39m [32m"
next-auth/react"[39m[
33m;[39m
[31m[1m>[22m[39m[9
0m 5 |[39m 
[36mimport[39m { [33
mMaintenanceProvider[3
9m } [36mfrom[39m [3
2m"./MaintenanceProvide
r"[39m[33m;[39m
 [90m   |[39m [31m[
1m^[22m[39m[31m[1m^
[22m[39m[31m[1m^[2
2m[39m[31m[1m^[22m
[39m[31m[1m^[22m[39
m[31m[1m^[22m[39m[
31m[1m^[22m[39m[31m
[1m^[22m[39m[31m[1
m^[22m[39m[31m[1m^
[22m[39m[31m[1m^[22
m[39m[31m[1m^[22m[
39m[31m[1m^[22m[39m
[31m[1m^[22m[39m[3
1m[1m^[22m[39m[31m
[1m^[22m[39m[31m[1m
^[22m[39m[31m[1m^[
22m[39m[31m[1m^[22m
[39m[31m[1m^[22m[3
9m[31m[1m^[22m[39m
[31m[1m^[22m[39m[31
m[1m^[22m[39m[31m[
1m^[22m[39m[31m[1m^
[22m[39m[31m[1m^[2
2m[39m[31m[1m^[22m
[39m[31m[1m^[22m[39
m[31m[1m^[22m[39m[
31m[1m^[22m[39m[31m
[1m^[22m[39m[31m[1
m^[22m[39m[31m[1m^
[22m[39m[31m[1m^[22
m[39m[31m[1m^[22m[
39m[31m[1m^[22m[39m
[31m[1m^[22m[39m[3
1m[1m^[22m[39m[31m
[1m^[22m[39m[31m[1m
^[22m[39m[31m[1m^[
22m[39m[31m[1m^[22m
[39m[31m[1m^[22m[3
9m[31m[1m^[22m[39m
[31m[1m^[22m[39m[31
m[1m^[22m[39m[31m[
1m^[22m[39m[31m[1m^
[22m[39m[31m[1m^[2
2m[39m[31m[1m^[22m
[39m[31m[1m^[22m[39
m[31m[1m^[22m[39m[
31m[1m^[22m[39m[31m
[1m^[22m[39m[31m[1
m^[22m[39m[31m[1m^
[22m[39m[31m[1m^[22
m[39m[31m[1m^[22m[
39m[31m[1m^[22m[39m
[31m[1m^[22m[39m
 [90m 6 |[39m 
[36mexport[39m 
[36mfunction[39m [33
mProviders[39m(t0) {
 [90m 7 |[39m   
[36mconst[39m $ 
[33m=[39m _c([35m2[
39m)[33m;[39m
 [90m 8 |[39m   
[36mconst[39m {[0m

The export 
MaintenanceProvider 
was not found in 
module [project]/.gemin
i/antigravity/scratch/C
ONCEPTLENS-v2.0.4/front
end/src/components/Main
tenanceProvider.tsx 
[app-client] 
(ecmascript).
Did you mean to import 
useMaintenance?
All exports of the 
module are statically 
known (It doesn't have 
dynamic exports). So 
it's known statically 
that the requested 
export doesn't exist.

Import trace:
  Server Component:
    ./.gemini/antigravi
ty/scratch/CONCEPTLENS-
v2.0.4/frontend/src/com
ponents/Providers.tsx
    ./.gemini/antigravi
ty/scratch/CONCEPTLENS-
v2.0.4/frontend/src/app
/layout.tsx


./.gemini/antigravity/s
cratch/CONCEPTLENS-v2.0
.4/frontend/src/compone
nts/Providers.tsx:4:1
Export 
MaintenanceProvider 
doesn't exist in 
target module
[0m [90m 2 |[39m
 [90m 3 |[39m 
[36mimport[39m { [33
mSessionProvider[39m 
} [36mfrom[39m [32m"
next-auth/react"[39m
[31m[1m>[22m[39m[9
0m 4 |[39m 
[36mimport[39m { [33
mMaintenanceProvider[3
9m } [36mfrom[39m [3
2m"./MaintenanceProvide
r"[39m
 [90m   |[39m [31m[
1m^[22m[39m[31m[1m^
[22m[39m[31m[1m^[2
2m[39m[31m[1m^[22m
[39m[31m[1m^[22m[39
m[31m[1m^[22m[39m[
31m[1m^[22m[39m[31m
[1m^[22m[39m[31m[1
m^[22m[39m[31m[1m^
[22m[39m[31m[1m^[22
m[39m[31m[1m^[22m[
39m[31m[1m^[22m[39m
[31m[1m^[22m[39m[3
1m[1m^[22m[39m[31m
[1m^[22m[39m[31m[1m
^[22m[39m[31m[1m^[
22m[39m[31m[1m^[22m
[39m[31m[1m^[22m[3
9m[31m[1m^[22m[39m
[31m[1m^[22m[39m[31
m[1m^[22m[39m[31m[
1m^[22m[39m[31m[1m^
[22m[39m[31m[1m^[2
2m[39m[31m[1m^[22m
[39m[31m[1m^[22m[39
m[31m[1m^[22m[39m[
31m[1m^[22m[39m[31m
[1m^[22m[39m[31m[1
m^[22m[39m[31m[1m^
[22m[39m[31m[1m^[22
m[39m[31m[1m^[22m[
39m[31m[1m^[22m[39m
[31m[1m^[22m[39m[3
1m[1m^[22m[39m[31m
[1m^[22m[39m[31m[1m
^[22m[39m[31m[1m^[
22m[39m[31m[1m^[22m
[39m[31m[1m^[22m[3
9m[31m[1m^[22m[39m
[31m[1m^[22m[39m[31
m[1m^[22m[39m[31m[
1m^[22m[39m[31m[1m^
[22m[39m[31m[1m^[2
2m[39m[31m[1m^[22m
[39m[31m[1m^[22m[39
m[31m[1m^[22m[39m[
31m[1m^[22m[39m[31m
[1m^[22m[39m[31m[1
m^[22m[39m[31m[1m^
[22m[39m[31m[1m^[22
m[39m[31m[1m^[22m[
39m[31m[1m^[22m[39m
 [90m 5 |[39m
 [90m 6 |[39m 
[36mexport[39m 
[36mfunction[39m 
[33mProviders[39m({ 
children }[33m:[39m 
{ children[33m:[39m 
[33mReact[39m[33m.[3
9m[33mReactNode[39m 
}) {
 [90m 7 |[39m     
[36mreturn[39m ([0m

The export 
MaintenanceProvider 
was not found in 
module [project]/.gemin
i/antigravity/scratch/C
ONCEPTLENS-v2.0.4/front
end/src/components/Main
tenanceProvider.tsx 
[app-ssr] (ecmascript).
Did you mean to import 
useMaintenance?
All exports of the 
module are statically 
known (It doesn't have 
dynamic exports). So 
it's known statically 
that the requested 
export doesn't exist.

Import trace:
  Server Component:
    ./.gemini/antigravi
ty/scratch/CONCEPTLENS-
v2.0.4/frontend/src/com
ponents/Providers.tsx
    ./.gemini/antigravi
ty/scratch/CONCEPTLENS-
v2.0.4/frontend/src/app
/layout.tsx


    at <unknown> (./.ge
mini/antigravity/scratc
h/CONCEPTLENS-v2.0.4/fr
ontend/src/components/P
roviders.tsx:5:1)
    at <unknown> (./.ge
mini/antigravity/scratc
h/CONCEPTLENS-v2.0.4/fr
ontend/src/components/P
roviders.tsx:4:1)
